#-----------------------------------------------------------
# Vivado v2018.2 (64-bit)
# SW Build 2258646 on Thu Jun 14 20:03:12 MDT 2018
# IP Build 2256618 on Thu Jun 14 22:10:49 MDT 2018
# Start of session at: Tue Oct  8 14:07:56 2024
# Process ID: 39572
# Current directory: C:/Users/rodi3/iCloudDrive/NUS Y2S1/EE2026/Project/ee2026_project
# Command line: vivado.exe -gui_launcher_event rodinguilauncherevent37040 C:\Users\rodi3\iCloudDrive\NUS Y2S1\EE2026\Project\ee2026_project\MODS.xpr
# Log file: C:/Users/rodi3/iCloudDrive/NUS Y2S1/EE2026/Project/ee2026_project/vivado.log
# Journal file: C:/Users/rodi3/iCloudDrive/NUS Y2S1/EE2026/Project/ee2026_project\vivado.jou
#-----------------------------------------------------------
start_gui
open_project {C:/Users/rodi3/iCloudDrive/NUS Y2S1/EE2026/Project/ee2026_project/MODS.xpr}
update_compile_order -fileset sources_1
open_hw
connect_hw_server
open_hw_target
set_property PROGRAM.FILE {C:/Users/rodi3/iCloudDrive/NUS Y2S1/EE2026/Project/ee2026_project/MODS.runs/impl_1/Top_Student.bit} [get_hw_devices xc7a35t_0]
current_hw_device [get_hw_devices xc7a35t_0]
refresh_hw_device -update_hw_probes false [lindex [get_hw_devices xc7a35t_0] 0]
disconnect_hw_server localhost:3121
connect_hw_server
disconnect_hw_server localhost:3121
connect_hw_server
open_hw_target
set_property PROGRAM.FILE {C:/Users/rodi3/iCloudDrive/NUS Y2S1/EE2026/Project/ee2026_project/MODS.runs/impl_1/Top_Student.bit} [get_hw_devices xc7a35t_0]
current_hw_device [get_hw_devices xc7a35t_0]
refresh_hw_device -update_hw_probes false [lindex [get_hw_devices xc7a35t_0] 0]
set_property PROBES.FILE {} [get_hw_devices xc7a35t_0]
set_property FULL_PROBES.FILE {} [get_hw_devices xc7a35t_0]
set_property PROGRAM.FILE {C:/Users/rodi3/iCloudDrive/NUS Y2S1/EE2026/Project/ee2026_project/MODS.runs/impl_1/Top_Student.bit} [get_hw_devices xc7a35t_0]
program_hw_devices [get_hw_devices xc7a35t_0]
refresh_hw_device [lindex [get_hw_devices xc7a35t_0] 0]
archive_project {C:/Users/rodi3/iCloudDrive/NUS Y2S1/EE2026/Project/MODS_4b.xpr.zip} -temp_dir {C:/Users/rodi3/iCloudDrive/NUS Y2S1/EE2026/Project/ee2026_project/.Xil/Vivado-39572-Roderick} -force -include_local_ip_cache -include_config_settings
